./mat_mult.o
64
Sending 32 rows to task 1
Sending 32 rows to task 2
Sent all the data!
Receiving data from task 1
Receiving data from task 2
( 3 )time spent 0.000000 sec
