./mat_mult.o
256
Sending 256 rows to task 1
Sent all the data!
Receiving data from task 1
( 2 )time spent 0.010000 sec
